[INFO] [1790801650.662604112] [policy]: Saved 150 DAgger samples (150 total)
[INFO] [1790801650.663964002] [policy]: Episode 1: timeout (30.2 s)
[INFO] [1790801683.933460316] [policy]: Saved 63 DAgger samples (213 total)
[INFO] [1790801683.934248409] [policy]: Episode 2: success (12.8 s)
[INFO] [1790801706.572199597] [policy]: Saved 41 DAgger samples (254 total)
[INFO] [1790801706.572986627] [policy]: Episode 3: success (8.4 s)
[INFO] [1790801764.555603589] [policy]: Saved 117 DAgger samples (371 total)
[INFO] [1790801764.556468109] [policy]: Episode 4: collision (23.6 s)
[INFO] [1790801798.727840697] [policy]: Saved 66 DAgger samples (437 total)
[INFO] [1790801798.728603300] [policy]: Episode 5: success (13.4 s)
[INFO] [1790801826.757941371] [policy]: Saved 52 DAgger samples (489 total)
[INFO] [1790801826.758749389] [policy]: Episode 6: success (10.6 s)
[INFO] [1790801857.768715165] [policy]: Saved 58 DAgger samples (547 total)
[INFO] [1790801857.769472712] [policy]: Episode 7: success (11.8 s)
[INFO] [1790801934.713231473] [policy]: Saved 150 DAgger samples (697 total)
[INFO] [1790801934.714049655] [policy]: Episode 8: timeout (30.2 s)
[INFO] [1790801975.033188923] [policy]: Saved 77 DAgger samples (774 total)
[INFO] [1790801975.033939904] [policy]: Episode 9: collision (15.6 s)
[INFO] [1790802001.055298577] [policy]: Saved 48 DAgger samples (822 total)
[INFO] [1790802001.056135257] [policy]: Episode 10: success (9.8 s)
[INFO] [1790802025.725348646] [policy]: Saved 47 DAgger samples (869 total)
[INFO] [1790802025.726139372] [policy]: Episode 11: success (9.6 s)
[INFO] [1790802102.492606842] [policy]: Saved 150 DAgger samples (1019 total)
[INFO] [1790802102.493474641] [policy]: Episode 12: timeout (30.2 s)
[WARN] [1790802108.206163051] [policy]: Layout call failed (1/20), retrying
[INFO] [1790802144.382080449] [policy]: Saved 74 DAgger samples (1093 total)
[INFO] [1790802144.382920741] [policy]: Episode 13: success (15.0 s)
[INFO] [1790802165.244448900] [policy]: Saved 37 DAgger samples (1130 total)
[INFO] [1790802165.245223735] [policy]: Episode 14: success (7.6 s)
[INFO] [1790802192.012322029] [policy]: Saved 50 DAgger samples (1180 total)
[INFO] [1790802192.013080855] [policy]: Episode 15: success (10.2 s)
[INFO] [1790802220.507601247] [policy]: Saved 53 DAgger samples (1233 total)
[INFO] [1790802220.508444394] [policy]: Episode 16: success (10.8 s)
[INFO] [1790802245.234177807] [policy]: Saved 47 DAgger samples (1280 total)
[INFO] [1790802245.234899402] [policy]: Episode 17: success (9.6 s)
[INFO] [1790802284.995346586] [policy]: Saved 77 DAgger samples (1357 total)
[INFO] [1790802284.996205266] [policy]: Episode 18: success (15.6 s)
[INFO] [1790802319.777336571] [policy]: Saved 67 DAgger samples (1424 total)
[INFO] [1790802319.778118267] [policy]: Episode 19: success (13.6 s)
[INFO] [1790802347.674078800] [policy]: Saved 52 DAgger samples (1476 total)
[INFO] [1790802347.674857446] [policy]: Episode 20: success (10.6 s)
[INFO] [1790802375.248892613] [policy]: Saved 51 DAgger samples (1527 total)
[INFO] [1790802375.249681499] [policy]: Episode 21: success (10.4 s)
[INFO] [1790802409.318792635] [policy]: Saved 64 DAgger samples (1591 total)
[INFO] [1790802409.320216970] [policy]: Episode 22: success (13.0 s)
[INFO] [1790802432.507771754] [policy]: Saved 44 DAgger samples (1635 total)
[INFO] [1790802432.508724507] [policy]: Episode 23: success (9.0 s)
[INFO] [1790802490.124926362] [policy]: Saved 112 DAgger samples (1747 total)
[INFO] [1790802490.126148073] [policy]: Episode 24: success (22.6 s)
[INFO] [1790802512.289866153] [policy]: Saved 41 DAgger samples (1788 total)
[INFO] [1790802512.291176145] [policy]: Episode 25: success (8.4 s)
[INFO] [1790802586.777468491] [policy]: Saved 150 DAgger samples (1938 total)
[INFO] [1790802586.778287165] [policy]: Episode 26: timeout (30.2 s)
[INFO] [1790802616.983517681] [policy]: Saved 57 DAgger samples (1995 total)
[INFO] [1790802616.984278946] [policy]: Episode 27: success (11.6 s)
[INFO] [1790802679.228236821] [policy]: Saved 121 DAgger samples (2116 total)
[INFO] [1790802679.229061128] [policy]: Episode 28: success (24.4 s)
[INFO] [1790802725.953657704] [policy]: Saved 89 DAgger samples (2205 total)
[INFO] [1790802725.954943883] [policy]: Episode 29: collision (18.0 s)
[INFO] [1790802751.097279909] [policy]: Saved 46 DAgger samples (2251 total)
[INFO] [1790802751.098082222] [policy]: Episode 30: success (9.4 s)
[INFO] [1790802826.763621732] [policy]: Saved 150 DAgger samples (2401 total)
[INFO] [1790802826.764448140] [policy]: Episode 31: timeout (30.2 s)
[INFO] [1790802847.031867585] [policy]: Saved 37 DAgger samples (2438 total)
[INFO] [1790802847.032634282] [policy]: Episode 32: success (7.6 s)
[INFO] [1790802869.093347760] [policy]: Saved 42 DAgger samples (2480 total)
[INFO] [1790802869.094120548] [policy]: Episode 33: success (8.6 s)
[INFO] [1790802889.600803711] [policy]: Saved 38 DAgger samples (2518 total)
[INFO] [1790802889.601572904] [policy]: Episode 34: success (7.8 s)
[INFO] [1790802929.991110339] [policy]: Saved 78 DAgger samples (2596 total)
[INFO] [1790802929.991936193] [policy]: Episode 35: success (15.8 s)
[INFO] [1790802983.932192080] [policy]: Saved 105 DAgger samples (2701 total)
[INFO] [1790802983.932963877] [policy]: Episode 36: success (21.2 s)
[INFO] [1790803012.638838256] [policy]: Saved 53 DAgger samples (2754 total)
[INFO] [1790803012.639958385] [policy]: Episode 37: success (10.8 s)
[INFO] [1790803043.640286209] [policy]: Saved 59 DAgger samples (2813 total)
[INFO] [1790803043.641074530] [policy]: Episode 38: success (12.0 s)
[WARN] [1790803049.360947976] [policy]: Layout call failed (1/20), retrying
[INFO] [1790803121.963879741] [policy]: Saved 150 DAgger samples (2963 total)
[INFO] [1790803121.964834474] [policy]: Episode 39: timeout (30.2 s)
[INFO] [1790803141.625989542] [policy]: Saved 36 DAgger samples (2999 total)
[INFO] [1790803141.626720348] [policy]: Episode 40: success (7.4 s)
[WARN] [1790803147.342819550] [policy]: Layout call failed (1/20), retrying
[INFO] [1790803221.548848871] [policy]: Saved 150 DAgger samples (3149 total)
[INFO] [1790803221.550076419] [policy]: Episode 41: timeout (30.2 s)
[WARN] [1790803227.289672288] [policy]: Layout call failed (1/20), retrying
[INFO] [1790803258.482896377] [policy]: Saved 64 DAgger samples (3213 total)
[INFO] [1790803258.483773776] [policy]: Episode 42: success (13.0 s)
[INFO] [1790803281.238551267] [policy]: Saved 43 DAgger samples (3256 total)
[INFO] [1790803281.239719630] [policy]: Episode 43: success (8.8 s)
[INFO] [1790803350.329423849] [policy]: Saved 137 DAgger samples (3393 total)
[INFO] [1790803350.330235179] [policy]: Episode 44: success (27.6 s)
[INFO] [1790803380.245506497] [policy]: Saved 56 DAgger samples (3449 total)
[INFO] [1790803380.246322153] [policy]: Episode 45: success (11.4 s)
[INFO] [1790803422.923522305] [policy]: Saved 81 DAgger samples (3530 total)
[INFO] [1790803422.924798147] [policy]: Episode 46: success (16.4 s)
[INFO] [1790803445.160581486] [policy]: Saved 42 DAgger samples (3572 total)
[INFO] [1790803445.161362939] [policy]: Episode 47: success (8.6 s)
[INFO] [1790803473.665395307] [policy]: Saved 55 DAgger samples (3627 total)
[INFO] [1790803473.666205067] [policy]: Episode 48: success (11.2 s)
[INFO] [1790803550.049530949] [policy]: Saved 150 DAgger samples (3777 total)
[INFO] [1790803550.050404182] [policy]: Episode 49: timeout (30.2 s)
[INFO] [1790803577.668137368] [policy]: Saved 52 DAgger samples (3829 total)
[INFO] [1790803577.668922049] [policy]: Episode 50: success (10.6 s)
[INFO] [1790803655.124832662] [policy]: Saved 150 DAgger samples (3979 total)
[INFO] [1790803655.125664515] [policy]: Episode 51: timeout (30.2 s)
[INFO] [1790803688.157570478] [policy]: Saved 62 DAgger samples (4041 total)
[INFO] [1790803688.158387076] [policy]: Episode 52: success (12.6 s)
[INFO] [1790803759.149815985] [policy]: Saved 137 DAgger samples (4178 total)
[INFO] [1790803759.150649488] [policy]: Episode 53: success (27.6 s)
[INFO] [1790803814.639309680] [policy]: Saved 110 DAgger samples (4288 total)
[INFO] [1790803814.640109747] [policy]: Episode 54: success (22.2 s)
[INFO] [1790803847.019420180] [policy]: Saved 63 DAgger samples (4351 total)
[INFO] [1790803847.020210380] [policy]: Episode 55: success (12.8 s)
[INFO] [1790803866.186652676] [policy]: Saved 34 DAgger samples (4385 total)
[INFO] [1790803866.187588293] [policy]: Episode 56: success (7.0 s)
[INFO] [1790803891.737038814] [policy]: Saved 48 DAgger samples (4433 total)
[INFO] [1790803891.738367473] [policy]: Episode 57: success (9.8 s)
[INFO] [1790803920.009631900] [policy]: Saved 53 DAgger samples (4486 total)
[INFO] [1790803920.010398045] [policy]: Episode 58: collision (10.8 s)
[INFO] [1790803946.210154537] [policy]: Saved 49 DAgger samples (4535 total)
[INFO] [1790803946.210905991] [policy]: Episode 59: success (10.0 s)
[INFO] [1790803993.623733615] [policy]: Saved 91 DAgger samples (4626 total)
[INFO] [1790803993.624525427] [policy]: Episode 60: success (18.4 s)
[INFO] [1790804038.020439694] [policy]: Saved 85 DAgger samples (4711 total)
[INFO] [1790804038.021211640] [policy]: Episode 61: success (17.2 s)
[INFO] [1790804056.030891164] [policy]: Saved 32 DAgger samples (4743 total)
[INFO] [1790804056.031755465] [policy]: Episode 62: success (6.6 s)
[INFO] [1790804078.815358385] [policy]: Saved 42 DAgger samples (4785 total)
[INFO] [1790804078.816630397] [policy]: Episode 63: success (8.6 s)
[INFO] [1790804106.317302717] [policy]: Saved 53 DAgger samples (4838 total)
[INFO] [1790804106.318059688] [policy]: Episode 64: collision (10.8 s)
[WARN] [1790804112.028805138] [policy]: Layout call failed (1/20), retrying
[INFO] [1790804128.116534680] [policy]: Saved 33 DAgger samples (4871 total)
[INFO] [1790804128.117353264] [policy]: Episode 65: success (6.8 s)
[INFO] [1790804202.704895765] [policy]: Saved 150 DAgger samples (5021 total)
[INFO] [1790804202.705778897] [policy]: Episode 66: timeout (30.2 s)
[INFO] [1790804278.607772723] [policy]: Saved 150 DAgger samples (5171 total)
[INFO] [1790804278.608777508] [policy]: Episode 67: timeout (30.2 s)
[INFO] [1790804307.092035428] [policy]: Saved 53 DAgger samples (5224 total)
[INFO] [1790804307.092799540] [policy]: Episode 68: success (10.8 s)
[INFO] [1790804349.394205244] [policy]: Saved 83 DAgger samples (5307 total)
[INFO] [1790804349.395202151] [policy]: Episode 69: success (16.8 s)
[INFO] [1790804391.100664865] [policy]: Saved 81 DAgger samples (5388 total)
[INFO] [1790804391.101401803] [policy]: Episode 70: success (16.4 s)
[INFO] [1790804466.912808029] [policy]: Saved 150 DAgger samples (5538 total)
[INFO] [1790804466.913622688] [policy]: Episode 71: timeout (30.2 s)
[INFO] [1790804508.729967209] [policy]: Saved 80 DAgger samples (5618 total)
[INFO] [1790804508.730712941] [policy]: Episode 72: success (16.2 s)
[INFO] [1790804566.464023407] [policy]: Saved 114 DAgger samples (5732 total)
[INFO] [1790804566.464881604] [policy]: Episode 73: collision (23.0 s)
[INFO] [1790804613.099747698] [policy]: Saved 89 DAgger samples (5821 total)
[INFO] [1790804613.100511275] [policy]: Episode 74: success (18.0 s)
[INFO] [1790804644.430795270] [policy]: Saved 59 DAgger samples (5880 total)
[INFO] [1790804644.431611839] [policy]: Episode 75: success (12.0 s)
[INFO] [1790804680.096816508] [policy]: Saved 68 DAgger samples (5948 total)
[INFO] [1790804680.097555785] [policy]: Episode 76: success (13.8 s)
[INFO] [1790804757.032745035] [policy]: Saved 150 DAgger samples (6098 total)
[INFO] [1790804757.033570160] [policy]: Episode 77: timeout (30.2 s)
[INFO] [1790804783.240862145] [policy]: Saved 49 DAgger samples (6147 total)
[INFO] [1790804783.241643394] [policy]: Episode 78: success (10.0 s)
[INFO] [1790804833.420476361] [policy]: Saved 96 DAgger samples (6243 total)
[INFO] [1790804833.421290836] [policy]: Episode 79: success (19.4 s)
[INFO] [1790804855.232495249] [policy]: Saved 40 DAgger samples (6283 total)
[INFO] [1790804855.233211713] [policy]: Episode 80: collision (8.2 s)
[INFO] [1790804931.861447364] [policy]: Saved 150 DAgger samples (6433 total)
[INFO] [1790804931.862373575] [policy]: Episode 81: timeout (30.2 s)
[INFO] [1790804990.448393870] [policy]: Saved 113 DAgger samples (6546 total)
[INFO] [1790804990.449209576] [policy]: Episode 82: success (22.8 s)
[INFO] [1790805018.898650494] [policy]: Saved 55 DAgger samples (6601 total)
[INFO] [1790805018.899464590] [policy]: Episode 83: success (11.2 s)
[INFO] [1790805053.415517513] [policy]: Saved 66 DAgger samples (6667 total)
[INFO] [1790805053.416332959] [policy]: Episode 84: success (13.4 s)
[INFO] [1790805129.953046313] [policy]: Saved 150 DAgger samples (6817 total)
[INFO] [1790805129.954395324] [policy]: Episode 85: timeout (30.2 s)
[INFO] [1790805203.982039446] [policy]: Saved 150 DAgger samples (6967 total)
[INFO] [1790805203.982868761] [policy]: Episode 86: timeout (30.2 s)
[INFO] [1790805233.414160282] [policy]: Saved 57 DAgger samples (7024 total)
[INFO] [1790805233.414965396] [policy]: Episode 87: success (11.6 s)
[INFO] [1790805267.616040607] [policy]: Saved 65 DAgger samples (7089 total)
[INFO] [1790805267.616865925] [policy]: Episode 88: success (13.2 s)
[INFO] [1790805301.222789799] [policy]: Saved 63 DAgger samples (7152 total)
[INFO] [1790805301.223694677] [policy]: Episode 89: success (12.8 s)
[INFO] [1790805376.418664395] [policy]: Saved 150 DAgger samples (7302 total)
[INFO] [1790805376.419674759] [policy]: Episode 90: timeout (30.2 s)
[INFO] [1790805404.655325070] [policy]: Saved 54 DAgger samples (7356 total)
[INFO] [1790805404.656316324] [policy]: Episode 91: success (11.0 s)
[INFO] [1790805432.421154237] [policy]: Saved 51 DAgger samples (7407 total)
[INFO] [1790805432.422206367] [policy]: Episode 92: success (10.4 s)
[INFO] [1790805472.053742813] [policy]: Saved 75 DAgger samples (7482 total)
[INFO] [1790805472.054554207] [policy]: Episode 93: collision (15.2 s)
[INFO] [1790805501.647480285] [policy]: Saved 55 DAgger samples (7537 total)
[INFO] [1790805501.648238485] [policy]: Episode 94: success (11.2 s)
[INFO] [1790805578.273417221] [policy]: Saved 148 DAgger samples (7685 total)
[INFO] [1790805578.274297542] [policy]: Episode 95: success (29.8 s)
[INFO] [1790805655.094944273] [policy]: Saved 150 DAgger samples (7835 total)
[INFO] [1790805655.095862564] [policy]: Episode 96: timeout (30.2 s)
[INFO] [1790805673.449868726] [policy]: Saved 32 DAgger samples (7867 total)
[INFO] [1790805673.450561587] [policy]: Episode 97: success (6.6 s)
[INFO] [1790805717.925449909] [policy]: Saved 86 DAgger samples (7953 total)
[INFO] [1790805717.926257509] [policy]: Episode 98: success (17.4 s)
[INFO] [1790805747.093956907] [policy]: Saved 55 DAgger samples (8008 total)
[INFO] [1790805747.094832123] [policy]: Episode 99: success (11.2 s)
[INFO] [1790805773.697537190] [policy]: Saved 49 DAgger samples (8057 total)
[INFO] [1790805773.698272331] [policy]: Episode 100: success (10.0 s)
[INFO] [1790805773.699111130] [policy]: Finished 100 episodes: success 74.0%  collision 8.0%  timeout 18.0%  | successful runs: avg 13.0 s, 2.25 m
