[INFO] [1790793359.170229010] [policy]: Saved 44 DAgger samples (44 total)
[INFO] [1790793359.172780341] [policy]: Episode 1: success (9.0 s)
[INFO] [1790793373.913023520] [policy]: Saved 66 DAgger samples (110 total)
[INFO] [1790793373.913338943] [policy]: Episode 2: success (13.4 s)
[INFO] [1790793382.535158635] [policy]: Saved 36 DAgger samples (146 total)
[INFO] [1790793382.535439161] [policy]: Episode 3: success (7.4 s)
[INFO] [1790793391.400873125] [policy]: Saved 34 DAgger samples (180 total)
[INFO] [1790793391.401143754] [policy]: Episode 4: success (7.0 s)
[INFO] [1790793405.424643322] [policy]: Saved 62 DAgger samples (242 total)
[INFO] [1790793405.425461010] [policy]: Episode 5: success (12.6 s)
[INFO] [1790793422.477642882] [policy]: Saved 73 DAgger samples (315 total)
[INFO] [1790793422.477970051] [policy]: Episode 6: success (14.8 s)
[WARN] [1790793427.776726222] [policy]: Layout call failed (1/20), retrying
[INFO] [1790793442.715022036] [policy]: Saved 72 DAgger samples (387 total)
[INFO] [1790793442.715310216] [policy]: Episode 7: success (14.6 s)
[INFO] [1790793457.950350839] [policy]: Saved 64 DAgger samples (451 total)
[INFO] [1790793457.950692824] [policy]: Episode 8: success (13.0 s)
[INFO] [1790793491.033169256] [policy]: Saved 150 DAgger samples (601 total)
[INFO] [1790793491.033485601] [policy]: Episode 9: timeout (30.2 s)
[INFO] [1790793503.363472649] [policy]: Saved 54 DAgger samples (655 total)
[INFO] [1790793503.363963875] [policy]: Episode 10: success (11.0 s)
[INFO] [1790793526.608479948] [policy]: Saved 102 DAgger samples (757 total)
[INFO] [1790793526.608779753] [policy]: Episode 11: success (20.6 s)
[INFO] [1790793538.910145594] [policy]: Saved 53 DAgger samples (810 total)
[INFO] [1790793538.910456134] [policy]: Episode 12: success (10.8 s)
[INFO] [1790793571.885129586] [policy]: Saved 150 DAgger samples (960 total)
[INFO] [1790793571.885449394] [policy]: Episode 13: timeout (30.2 s)
[INFO] [1790793604.738540264] [policy]: Saved 150 DAgger samples (1110 total)
[INFO] [1790793604.739205301] [policy]: Episode 14: timeout (30.2 s)
[INFO] [1790793623.675014350] [policy]: Saved 83 DAgger samples (1193 total)
[INFO] [1790793623.675352199] [policy]: Episode 15: success (16.8 s)
[INFO] [1790793637.201206319] [policy]: Saved 59 DAgger samples (1252 total)
[INFO] [1790793637.201550787] [policy]: Episode 16: success (12.0 s)
[INFO] [1790793657.581965536] [policy]: Saved 45 DAgger samples (1297 total)
[INFO] [1790793657.583254907] [policy]: Episode 17: success (9.2 s)
[INFO] [1790793688.581474466] [policy]: Saved 58 DAgger samples (1355 total)
[INFO] [1790793688.582389146] [policy]: Episode 18: success (11.8 s)
[INFO] [1790793709.732201413] [policy]: Saved 39 DAgger samples (1394 total)
[INFO] [1790793709.733229010] [policy]: Episode 19: success (8.0 s)
[INFO] [1790793753.982607973] [policy]: Saved 82 DAgger samples (1476 total)
[INFO] [1790793753.983593725] [policy]: Episode 20: success (16.6 s)
[INFO] [1790793783.627537161] [policy]: Saved 55 DAgger samples (1531 total)
[INFO] [1790793783.628561922] [policy]: Episode 21: success (11.2 s)
[INFO] [1790793809.776419344] [policy]: Saved 46 DAgger samples (1577 total)
[INFO] [1790793809.777347053] [policy]: Episode 22: success (9.4 s)
[INFO] [1790793883.865006169] [policy]: Saved 150 DAgger samples (1727 total)
[INFO] [1790793883.865800033] [policy]: Episode 23: timeout (30.2 s)
[INFO] [1790793913.639658892] [policy]: Saved 51 DAgger samples (1778 total)
[INFO] [1790793913.640507582] [policy]: Episode 24: success (10.4 s)
[INFO] [1790793992.558348393] [policy]: Saved 150 DAgger samples (1928 total)
[INFO] [1790793992.559176540] [policy]: Episode 25: timeout (30.2 s)
[INFO] [1790794017.741672536] [policy]: Saved 47 DAgger samples (1975 total)
[INFO] [1790794017.742466152] [policy]: Episode 26: success (9.6 s)
[INFO] [1790794055.476491111] [policy]: Saved 70 DAgger samples (2045 total)
[INFO] [1790794055.477245389] [policy]: Episode 27: success (14.2 s)
[WARN] [1790794061.199792462] [policy]: Layout call failed (1/20), retrying
[INFO] [1790794083.002479950] [policy]: Saved 44 DAgger samples (2089 total)
[INFO] [1790794083.003275357] [policy]: Episode 28: success (9.0 s)
[INFO] [1790794126.281207742] [policy]: Saved 83 DAgger samples (2172 total)
[INFO] [1790794126.282160276] [policy]: Episode 29: success (16.8 s)
[INFO] [1790794188.733895727] [policy]: Saved 120 DAgger samples (2292 total)
[INFO] [1790794188.734822702] [policy]: Episode 30: success (24.2 s)
[INFO] [1790794207.336989465] [policy]: Saved 32 DAgger samples (2324 total)
[INFO] [1790794207.337705110] [policy]: Episode 31: success (6.6 s)
[INFO] [1790794257.565461225] [policy]: Saved 97 DAgger samples (2421 total)
[INFO] [1790794257.566221087] [policy]: Episode 32: collision (19.6 s)
[INFO] [1790794294.636858999] [policy]: Saved 69 DAgger samples (2490 total)
[INFO] [1790794294.637674576] [policy]: Episode 33: success (14.0 s)
[WARN] [1790794300.390733711] [policy]: Layout call failed (1/20), retrying
[INFO] [1790794319.159107182] [policy]: Saved 38 DAgger samples (2528 total)
[INFO] [1790794319.160037749] [policy]: Episode 34: success (7.8 s)
[INFO] [1790794353.544229364] [policy]: Saved 64 DAgger samples (2592 total)
[INFO] [1790794353.545083107] [policy]: Episode 35: success (13.0 s)
[INFO] [1790794387.188276709] [policy]: Saved 64 DAgger samples (2656 total)
[INFO] [1790794387.189050613] [policy]: Episode 36: success (13.0 s)
[INFO] [1790794418.124828532] [policy]: Saved 57 DAgger samples (2713 total)
[INFO] [1790794418.125621373] [policy]: Episode 37: success (11.6 s)
[INFO] [1790794453.938708061] [policy]: Saved 69 DAgger samples (2782 total)
[INFO] [1790794453.939646549] [policy]: Episode 38: success (14.0 s)
[INFO] [1790794517.343443459] [policy]: Saved 122 DAgger samples (2904 total)
[INFO] [1790794517.344295243] [policy]: Episode 39: success (24.6 s)
[INFO] [1790794592.730552336] [policy]: Saved 150 DAgger samples (3054 total)
[INFO] [1790794592.731561508] [policy]: Episode 40: timeout (30.2 s)
[INFO] [1790794671.321918757] [policy]: Saved 150 DAgger samples (3204 total)
[INFO] [1790794671.322693934] [policy]: Episode 41: timeout (30.2 s)
[INFO] [1790794702.320224516] [policy]: Saved 57 DAgger samples (3261 total)
[INFO] [1790794702.321012419] [policy]: Episode 42: success (11.6 s)
[INFO] [1790794781.010548179] [policy]: Saved 150 DAgger samples (3411 total)
[INFO] [1790794781.011654222] [policy]: Episode 43: timeout (30.2 s)
[INFO] [1790794809.035124951] [policy]: Saved 51 DAgger samples (3462 total)
[INFO] [1790794809.036021080] [policy]: Episode 44: success (10.4 s)
[INFO] [1790794857.316730334] [policy]: Saved 91 DAgger samples (3553 total)
[INFO] [1790794857.317550277] [policy]: Episode 45: collision (18.4 s)
[INFO] [1790794908.702970120] [policy]: Saved 96 DAgger samples (3649 total)
[INFO] [1790794908.703775704] [policy]: Episode 46: success (19.4 s)
[INFO] [1790794939.815852326] [policy]: Saved 57 DAgger samples (3706 total)
[INFO] [1790794939.816615159] [policy]: Episode 47: success (11.6 s)
[INFO] [1790794966.846948598] [policy]: Saved 49 DAgger samples (3755 total)
[INFO] [1790794966.848649464] [policy]: Episode 48: success (10.0 s)
[INFO] [1790794978.481016470] [policy]: Saved 18 DAgger samples (3773 total)
[INFO] [1790794978.481771242] [policy]: Episode 49: collision (3.8 s)
[INFO] [1790795058.348505656] [policy]: Saved 150 DAgger samples (3923 total)
[INFO] [1790795058.349852370] [policy]: Episode 50: timeout (30.2 s)
[INFO] [1790795102.566277785] [policy]: Saved 83 DAgger samples (4006 total)
[INFO] [1790795102.567347389] [policy]: Episode 51: collision (16.8 s)
[WARN] [1790795108.297514743] [policy]: Layout call failed (1/20), retrying
[INFO] [1790795123.205228691] [policy]: Saved 30 DAgger samples (4036 total)
[INFO] [1790795123.205941996] [policy]: Episode 52: collision (6.2 s)
[INFO] [1790795198.746868814] [policy]: Saved 150 DAgger samples (4186 total)
[INFO] [1790795198.747766094] [policy]: Episode 53: timeout (30.2 s)
[WARN] [1790795204.460870016] [policy]: Layout call failed (1/20), retrying
[INFO] [1790795233.988675764] [policy]: Saved 61 DAgger samples (4247 total)
[INFO] [1790795233.989433639] [policy]: Episode 54: success (12.4 s)
[INFO] [1790795266.348590574] [policy]: Saved 60 DAgger samples (4307 total)
[INFO] [1790795266.349375430] [policy]: Episode 55: success (12.2 s)
[INFO] [1790795342.154267638] [policy]: Saved 150 DAgger samples (4457 total)
[INFO] [1790795342.155051420] [policy]: Episode 56: timeout (30.2 s)
[INFO] [1790795378.825500657] [policy]: Saved 70 DAgger samples (4527 total)
[INFO] [1790795378.826308384] [policy]: Episode 57: success (14.2 s)
[INFO] [1790795417.045698917] [policy]: Saved 72 DAgger samples (4599 total)
[INFO] [1790795417.046438607] [policy]: Episode 58: success (14.6 s)
[INFO] [1790795447.228750086] [policy]: Saved 55 DAgger samples (4654 total)
[INFO] [1790795447.229790632] [policy]: Episode 59: success (11.2 s)
[INFO] [1790795481.174365573] [policy]: Saved 63 DAgger samples (4717 total)
[INFO] [1790795481.175190974] [policy]: Episode 60: success (12.8 s)
[INFO] [1790795516.381477594] [policy]: Saved 65 DAgger samples (4782 total)
[INFO] [1790795516.382221923] [policy]: Episode 61: success (13.2 s)
[INFO] [1790795587.314700976] [policy]: Saved 141 DAgger samples (4923 total)
[INFO] [1790795587.315802398] [policy]: Episode 62: success (28.4 s)
[INFO] [1790795617.254728227] [policy]: Saved 54 DAgger samples (4977 total)
[INFO] [1790795617.255656762] [policy]: Episode 63: success (11.0 s)
[INFO] [1790795662.475469719] [policy]: Saved 84 DAgger samples (5061 total)
[INFO] [1790795662.476239940] [policy]: Episode 64: success (17.0 s)
[INFO] [1790795738.599429280] [policy]: Saved 150 DAgger samples (5211 total)
[INFO] [1790795738.600361115] [policy]: Episode 65: timeout (30.2 s)
[INFO] [1790795777.345265594] [policy]: Saved 72 DAgger samples (5283 total)
[INFO] [1790795777.346360999] [policy]: Episode 66: success (14.6 s)
[INFO] [1790795811.798029118] [policy]: Saved 64 DAgger samples (5347 total)
[INFO] [1790795811.798770344] [policy]: Episode 67: success (13.0 s)
[INFO] [1790795835.377007767] [policy]: Saved 42 DAgger samples (5389 total)
[INFO] [1790795835.377810540] [policy]: Episode 68: success (8.6 s)
[INFO] [1790795869.340836185] [policy]: Saved 65 DAgger samples (5454 total)
[INFO] [1790795869.341662202] [policy]: Episode 69: success (13.2 s)
[INFO] [1790795928.522893794] [policy]: Saved 113 DAgger samples (5567 total)
[INFO] [1790795928.523830060] [policy]: Episode 70: success (22.8 s)
[INFO] [1790795948.112704495] [policy]: Saved 34 DAgger samples (5601 total)
[INFO] [1790795948.113479900] [policy]: Episode 71: success (7.0 s)
[INFO] [1790796025.476049402] [policy]: Saved 150 DAgger samples (5751 total)
[INFO] [1790796025.476840949] [policy]: Episode 72: timeout (30.2 s)
[INFO] [1790796045.990768060] [policy]: Saved 36 DAgger samples (5787 total)
[INFO] [1790796045.992008925] [policy]: Episode 73: success (7.4 s)
[INFO] [1790796084.908570670] [policy]: Saved 71 DAgger samples (5858 total)
[INFO] [1790796084.909388910] [policy]: Episode 74: success (14.4 s)
[INFO] [1790796145.708677287] [policy]: Saved 104 DAgger samples (5962 total)
[INFO] [1790796145.709892120] [policy]: Episode 75: success (21.0 s)
[INFO] [1790796185.178318369] [policy]: Saved 73 DAgger samples (6035 total)
[INFO] [1790796185.179053954] [policy]: Episode 76: success (14.8 s)
[INFO] [1790796207.281250024] [policy]: Saved 38 DAgger samples (6073 total)
[INFO] [1790796207.282018774] [policy]: Episode 77: success (7.8 s)
[INFO] [1790796241.365408079] [policy]: Saved 63 DAgger samples (6136 total)
[INFO] [1790796241.366203264] [policy]: Episode 78: success (12.8 s)
[INFO] [1790796283.786655358] [policy]: Saved 80 DAgger samples (6216 total)
[INFO] [1790796283.787487222] [policy]: Episode 79: success (16.2 s)
[INFO] [1790796314.346982063] [policy]: Saved 58 DAgger samples (6274 total)
[INFO] [1790796314.348115264] [policy]: Episode 80: success (11.8 s)
[INFO] [1790796345.494797716] [policy]: Saved 58 DAgger samples (6332 total)
[INFO] [1790796345.496203822] [policy]: Episode 81: success (11.8 s)
[INFO] [1790796368.129387858] [policy]: Saved 42 DAgger samples (6374 total)
[INFO] [1790796368.130169361] [policy]: Episode 82: success (8.6 s)
[INFO] [1790796389.484450211] [policy]: Saved 39 DAgger samples (6413 total)
[INFO] [1790796389.485255438] [policy]: Episode 83: success (8.0 s)
[INFO] [1790796425.394027597] [policy]: Saved 67 DAgger samples (6480 total)
[INFO] [1790796425.394783314] [policy]: Episode 84: success (13.6 s)
[INFO] [1790796457.440188811] [policy]: Saved 59 DAgger samples (6539 total)
[INFO] [1790796457.441167927] [policy]: Episode 85: success (12.0 s)
[INFO] [1790796491.119374599] [policy]: Saved 64 DAgger samples (6603 total)
[INFO] [1790796491.120201390] [policy]: Episode 86: success (13.0 s)
[INFO] [1790796514.700006351] [policy]: Saved 42 DAgger samples (6645 total)
[INFO] [1790796514.700873337] [policy]: Episode 87: collision (8.6 s)
[INFO] [1790796563.192617291] [policy]: Saved 91 DAgger samples (6736 total)
[INFO] [1790796563.193443418] [policy]: Episode 88: success (18.4 s)
[INFO] [1790796621.232395444] [policy]: Saved 112 DAgger samples (6848 total)
[INFO] [1790796621.233263647] [policy]: Episode 89: success (22.6 s)
[INFO] [1790796665.327348361] [policy]: Saved 83 DAgger samples (6931 total)
[INFO] [1790796665.328183000] [policy]: Episode 90: success (16.8 s)
[INFO] [1790796697.129932785] [policy]: Saved 58 DAgger samples (6989 total)
[INFO] [1790796697.130748565] [policy]: Episode 91: success (11.8 s)
[INFO] [1790796731.024474080] [policy]: Saved 63 DAgger samples (7052 total)
[INFO] [1790796731.025236631] [policy]: Episode 92: success (12.8 s)
[INFO] [1790796779.113678473] [policy]: Saved 95 DAgger samples (7147 total)
[INFO] [1790796779.114440589] [policy]: Episode 93: collision (19.2 s)
[INFO] [1790796809.752068533] [policy]: Saved 56 DAgger samples (7203 total)
[INFO] [1790796809.752817808] [policy]: Episode 94: collision (11.4 s)
[INFO] [1790796878.581366530] [policy]: Saved 131 DAgger samples (7334 total)
[INFO] [1790796878.582264795] [policy]: Episode 95: success (26.4 s)
[INFO] [1790796920.485298021] [policy]: Saved 81 DAgger samples (7415 total)
[INFO] [1790796920.486066806] [policy]: Episode 96: success (16.4 s)
[INFO] [1790796959.248901970] [policy]: Saved 74 DAgger samples (7489 total)
[INFO] [1790796959.249655797] [policy]: Episode 97: success (15.0 s)
[INFO] [1790796980.508771921] [policy]: Saved 37 DAgger samples (7526 total)
[INFO] [1790796980.509614520] [policy]: Episode 98: success (7.6 s)
[WARN] [1790796986.233303327] [policy]: Layout call failed (1/20), retrying
[INFO] [1790797021.248545119] [policy]: Saved 70 DAgger samples (7596 total)
[INFO] [1790797021.249369293] [policy]: Episode 99: success (14.2 s)
[INFO] [1790797041.233781367] [policy]: Saved 36 DAgger samples (7632 total)
[INFO] [1790797041.234579248] [policy]: Episode 100: success (7.4 s)
[INFO] [1790797041.235673946] [policy]: Finished 100 episodes: success 79.0%  collision 8.0%  timeout 13.0%  | successful runs: avg 13.3 s, 2.30 m
