[INFO] [1790809951.460085179] [policy]: Saved 43 DAgger samples (43 total)
[INFO] [1790809951.461363999] [policy]: Episode 1: success (8.8 s)
[INFO] [1790809983.668537997] [policy]: Saved 63 DAgger samples (106 total)
[INFO] [1790809983.669290001] [policy]: Episode 2: collision (12.8 s)
[INFO] [1790810035.506280372] [policy]: Saved 100 DAgger samples (206 total)
[INFO] [1790810035.507034210] [policy]: Episode 3: success (20.2 s)
[INFO] [1790810064.504433701] [policy]: Saved 54 DAgger samples (260 total)
[INFO] [1790810064.505247266] [policy]: Episode 4: success (11.0 s)
[INFO] [1790810083.427318964] [policy]: Saved 34 DAgger samples (294 total)
[INFO] [1790810083.428067061] [policy]: Episode 5: success (7.0 s)
[INFO] [1790810115.537954297] [policy]: Saved 60 DAgger samples (354 total)
[INFO] [1790810115.538872904] [policy]: Episode 6: success (12.2 s)
[INFO] [1790810142.274622310] [policy]: Saved 50 DAgger samples (404 total)
[INFO] [1790810142.275430175] [policy]: Episode 7: success (10.2 s)
[INFO] [1790810182.452353189] [policy]: Saved 79 DAgger samples (483 total)
[INFO] [1790810182.453209958] [policy]: Episode 8: success (16.0 s)
[INFO] [1790810212.003745029] [policy]: Saved 56 DAgger samples (539 total)
[INFO] [1790810212.004542748] [policy]: Episode 9: success (11.4 s)
[WARN] [1790810217.822386402] [policy]: Layout call failed (1/20), retrying
[INFO] [1790810289.700020521] [policy]: Saved 150 DAgger samples (689 total)
[INFO] [1790810289.700936695] [policy]: Episode 10: timeout (30.2 s)
[INFO] [1790810347.883751262] [policy]: Saved 112 DAgger samples (801 total)
[INFO] [1790810347.884617307] [policy]: Episode 11: success (22.6 s)
[INFO] [1790810370.085932756] [policy]: Saved 41 DAgger samples (842 total)
[INFO] [1790810370.086648838] [policy]: Episode 12: success (8.4 s)
[INFO] [1790810417.273704065] [policy]: Saved 91 DAgger samples (933 total)
[INFO] [1790810417.274464570] [policy]: Episode 13: collision (18.4 s)
[INFO] [1790810491.702352301] [policy]: Saved 150 DAgger samples (1083 total)
[INFO] [1790810491.703187932] [policy]: Episode 14: timeout (30.2 s)
[INFO] [1790810517.465526814] [policy]: Saved 49 DAgger samples (1132 total)
[INFO] [1790810517.466602562] [policy]: Episode 15: success (10.0 s)
[INFO] [1790810555.151585001] [policy]: Saved 72 DAgger samples (1204 total)
[INFO] [1790810555.152829905] [policy]: Episode 16: success (14.6 s)
[INFO] [1790810573.460572310] [policy]: Saved 32 DAgger samples (1236 total)
[INFO] [1790810573.461299081] [policy]: Episode 17: success (6.6 s)
[INFO] [1790810612.994370731] [policy]: Saved 78 DAgger samples (1314 total)
[INFO] [1790810612.995303186] [policy]: Episode 18: success (15.8 s)
[INFO] [1790810660.141015581] [policy]: Saved 92 DAgger samples (1406 total)
[INFO] [1790810660.141825474] [policy]: Episode 19: success (18.6 s)
[INFO] [1790810733.692404447] [policy]: Saved 150 DAgger samples (1556 total)
[INFO] [1790810733.693290520] [policy]: Episode 20: timeout (30.2 s)
[INFO] [1790810775.196266459] [policy]: Saved 81 DAgger samples (1637 total)
[INFO] [1790810775.197015807] [policy]: Episode 21: success (16.4 s)
[INFO] [1790810811.636237888] [policy]: Saved 69 DAgger samples (1706 total)
[INFO] [1790810811.637307607] [policy]: Episode 22: success (14.0 s)
[INFO] [1790810836.809531198] [policy]: Saved 46 DAgger samples (1752 total)
[INFO] [1790810836.810298424] [policy]: Episode 23: success (9.4 s)
[WARN] [1790810842.505766243] [policy]: Layout call failed (1/20), retrying
[INFO] [1790810861.247055984] [policy]: Saved 39 DAgger samples (1791 total)
[INFO] [1790810861.247893137] [policy]: Episode 24: success (8.0 s)
[INFO] [1790810895.276371985] [policy]: Saved 64 DAgger samples (1855 total)
[INFO] [1790810895.277115110] [policy]: Episode 25: success (13.0 s)
[INFO] [1790810926.700938879] [policy]: Saved 61 DAgger samples (1916 total)
[INFO] [1790810926.701773774] [policy]: Episode 26: success (12.4 s)
[INFO] [1790810973.772118479] [policy]: Saved 91 DAgger samples (2007 total)
[INFO] [1790810973.772925445] [policy]: Episode 27: success (18.4 s)
[INFO] [1790811005.166951987] [policy]: Saved 60 DAgger samples (2067 total)
[INFO] [1790811005.168267941] [policy]: Episode 28: success (12.2 s)
[INFO] [1790811048.324715400] [policy]: Saved 84 DAgger samples (2151 total)
[INFO] [1790811048.325828404] [policy]: Episode 29: success (17.0 s)
[INFO] [1790811079.374473370] [policy]: Saved 58 DAgger samples (2209 total)
[INFO] [1790811079.375369062] [policy]: Episode 30: success (11.8 s)
[INFO] [1790811117.703830058] [policy]: Saved 74 DAgger samples (2283 total)
[INFO] [1790811117.704668022] [policy]: Episode 31: success (15.0 s)
[WARN] [1790811123.390076181] [policy]: Layout call failed (1/20), retrying
[INFO] [1790811140.362169799] [policy]: Saved 35 DAgger samples (2318 total)
[INFO] [1790811140.362883751] [policy]: Episode 32: success (7.2 s)
[INFO] [1790811217.251663268] [policy]: Saved 150 DAgger samples (2468 total)
[INFO] [1790811217.252705230] [policy]: Episode 33: timeout (30.2 s)
[INFO] [1790811259.277106756] [policy]: Saved 80 DAgger samples (2548 total)
[INFO] [1790811259.278242236] [policy]: Episode 34: success (16.2 s)
[INFO] [1790811317.697599968] [policy]: Saved 117 DAgger samples (2665 total)
[INFO] [1790811317.698395501] [policy]: Episode 35: success (23.6 s)
[INFO] [1790811347.198332413] [policy]: Saved 55 DAgger samples (2720 total)
[INFO] [1790811347.199228570] [policy]: Episode 36: success (11.2 s)
[INFO] [1790811390.539274287] [policy]: Saved 84 DAgger samples (2804 total)
[INFO] [1790811390.540147642] [policy]: Episode 37: collision (17.0 s)
[WARN] [1790811396.252181475] [policy]: Layout call failed (1/20), retrying
[INFO] [1790811470.319570696] [policy]: Saved 150 DAgger samples (2954 total)
[INFO] [1790811470.320516158] [policy]: Episode 38: timeout (30.2 s)
[INFO] [1790811512.497913020] [policy]: Saved 81 DAgger samples (3035 total)
[INFO] [1790811512.498814960] [policy]: Episode 39: success (16.4 s)
[INFO] [1790811532.778045249] [policy]: Saved 37 DAgger samples (3072 total)
[INFO] [1790811532.778918137] [policy]: Episode 40: success (7.6 s)
[INFO] [1790811569.140336443] [policy]: Saved 70 DAgger samples (3142 total)
[INFO] [1790811569.141143554] [policy]: Episode 41: success (14.2 s)
[INFO] [1790811623.866749154] [policy]: Saved 107 DAgger samples (3249 total)
[INFO] [1790811623.867637701] [policy]: Episode 42: success (21.6 s)
[INFO] [1790811651.484221479] [policy]: Saved 52 DAgger samples (3301 total)
[INFO] [1790811651.485000963] [policy]: Episode 43: success (10.6 s)
[INFO] [1790811714.779276543] [policy]: Saved 123 DAgger samples (3424 total)
[INFO] [1790811714.780155902] [policy]: Episode 44: success (24.8 s)
[INFO] [1790811791.319888126] [policy]: Saved 150 DAgger samples (3574 total)
[INFO] [1790811791.320698981] [policy]: Episode 45: timeout (30.2 s)
[INFO] [1790811855.163142996] [policy]: Saved 124 DAgger samples (3698 total)
[INFO] [1790811855.164684128] [policy]: Episode 46: collision (25.0 s)
[INFO] [1790811913.795011455] [policy]: Saved 113 DAgger samples (3811 total)
[INFO] [1790811913.795784606] [policy]: Episode 47: collision (22.8 s)
[INFO] [1790811942.498598891] [policy]: Saved 53 DAgger samples (3864 total)
[INFO] [1790811942.499437488] [policy]: Episode 48: success (10.8 s)
[INFO] [1790811970.832691998] [policy]: Saved 52 DAgger samples (3916 total)
[INFO] [1790811970.833579313] [policy]: Episode 49: success (10.6 s)
[INFO] [1790811994.061416232] [policy]: Saved 42 DAgger samples (3958 total)
[INFO] [1790811994.062432270] [policy]: Episode 50: success (8.6 s)
[WARN] [1790811999.762483003] [policy]: Layout call failed (1/20), retrying
[INFO] [1790812071.020751057] [policy]: Saved 150 DAgger samples (4108 total)
[INFO] [1790812071.021583498] [policy]: Episode 51: timeout (30.2 s)
[INFO] [1790812097.847251150] [policy]: Saved 50 DAgger samples (4158 total)
[INFO] [1790812097.848047898] [policy]: Episode 52: success (10.2 s)
[INFO] [1790812174.649397944] [policy]: Saved 150 DAgger samples (4308 total)
[INFO] [1790812174.650244207] [policy]: Episode 53: timeout (30.2 s)
[INFO] [1790812206.094264326] [policy]: Saved 61 DAgger samples (4369 total)
[INFO] [1790812206.095085629] [policy]: Episode 54: success (12.4 s)
[INFO] [1790812235.452891658] [policy]: Saved 55 DAgger samples (4424 total)
[INFO] [1790812235.454044147] [policy]: Episode 55: success (11.2 s)
[INFO] [1790812278.315526574] [policy]: Saved 82 DAgger samples (4506 total)
[INFO] [1790812278.316297113] [policy]: Episode 56: success (16.6 s)
[INFO] [1790812311.638327313] [policy]: Saved 62 DAgger samples (4568 total)
[INFO] [1790812311.639060259] [policy]: Episode 57: success (12.6 s)
[INFO] [1790812336.740802739] [policy]: Saved 47 DAgger samples (4615 total)
[INFO] [1790812336.741592043] [policy]: Episode 58: success (9.6 s)
[INFO] [1790812367.449329727] [policy]: Saved 59 DAgger samples (4674 total)
[INFO] [1790812367.450716850] [policy]: Episode 59: success (12.0 s)
[INFO] [1790812412.177968409] [policy]: Saved 86 DAgger samples (4760 total)
[INFO] [1790812412.178776736] [policy]: Episode 60: success (17.4 s)
[INFO] [1790812456.985304725] [policy]: Saved 85 DAgger samples (4845 total)
[INFO] [1790812456.986062862] [policy]: Episode 61: success (17.2 s)
[INFO] [1790812499.527868709] [policy]: Saved 85 DAgger samples (4930 total)
[INFO] [1790812499.528691061] [policy]: Episode 62: success (17.2 s)
[INFO] [1790812518.452417880] [policy]: Saved 33 DAgger samples (4963 total)
[INFO] [1790812518.453394894] [policy]: Episode 63: success (6.8 s)
[INFO] [1790812546.909281556] [policy]: Saved 53 DAgger samples (5016 total)
[INFO] [1790812546.910069104] [policy]: Episode 64: success (10.8 s)
[INFO] [1790812597.765473200] [policy]: Saved 98 DAgger samples (5114 total)
[INFO] [1790812597.766245719] [policy]: Episode 65: success (19.8 s)
[INFO] [1790812629.673474562] [policy]: Saved 60 DAgger samples (5174 total)
[INFO] [1790812629.674271154] [policy]: Episode 66: collision (12.2 s)
[INFO] [1790812669.949927215] [policy]: Saved 77 DAgger samples (5251 total)
[INFO] [1790812669.950680434] [policy]: Episode 67: success (15.6 s)
[INFO] [1790812721.537430368] [policy]: Saved 100 DAgger samples (5351 total)
[INFO] [1790812721.538283744] [policy]: Episode 68: success (20.2 s)
[INFO] [1790812750.626062594] [policy]: Saved 54 DAgger samples (5405 total)
[INFO] [1790812750.626852345] [policy]: Episode 69: success (11.0 s)
[INFO] [1790812783.672324728] [policy]: Saved 62 DAgger samples (5467 total)
[INFO] [1790812783.673104609] [policy]: Episode 70: success (12.6 s)
[INFO] [1790812817.789141129] [policy]: Saved 65 DAgger samples (5532 total)
[INFO] [1790812817.789892094] [policy]: Episode 71: success (13.2 s)
[INFO] [1790812854.793635033] [policy]: Saved 73 DAgger samples (5605 total)
[INFO] [1790812854.794384182] [policy]: Episode 72: success (14.8 s)
[INFO] [1790812891.028351997] [policy]: Saved 68 DAgger samples (5673 total)
[INFO] [1790812891.029087281] [policy]: Episode 73: success (13.8 s)
[INFO] [1790812914.255041441] [policy]: Saved 42 DAgger samples (5715 total)
[INFO] [1790812914.255943531] [policy]: Episode 74: success (8.6 s)
[WARN] [1790812919.971763851] [policy]: Layout call failed (1/20), retrying
[INFO] [1790812968.610727447] [policy]: Saved 100 DAgger samples (5815 total)
[INFO] [1790812968.612181638] [policy]: Episode 75: success (20.2 s)
[INFO] [1790813030.148155940] [policy]: Saved 118 DAgger samples (5933 total)
[INFO] [1790813030.149208415] [policy]: Episode 76: success (23.8 s)
[INFO] [1790813073.788355598] [policy]: Saved 85 DAgger samples (6018 total)
[INFO] [1790813073.789086284] [policy]: Episode 77: success (17.2 s)
[INFO] [1790813150.007820365] [policy]: Saved 150 DAgger samples (6168 total)
[INFO] [1790813150.009001418] [policy]: Episode 78: timeout (30.2 s)
[INFO] [1790813175.011393306] [policy]: Saved 48 DAgger samples (6216 total)
[INFO] [1790813175.012394780] [policy]: Episode 79: collision (9.8 s)
[INFO] [1790813189.893703475] [policy]: Saved 25 DAgger samples (6241 total)
[INFO] [1790813189.894415917] [policy]: Episode 80: collision (5.2 s)
[INFO] [1790813220.385290868] [policy]: Saved 57 DAgger samples (6298 total)
[INFO] [1790813220.386416835] [policy]: Episode 81: success (11.6 s)
[INFO] [1790813268.111010515] [policy]: Saved 92 DAgger samples (6390 total)
[INFO] [1790813268.111847554] [policy]: Episode 82: success (18.6 s)
[INFO] [1790813342.940526218] [policy]: Saved 150 DAgger samples (6540 total)
[INFO] [1790813342.941384113] [policy]: Episode 83: timeout (30.2 s)
[INFO] [1790813419.674632192] [policy]: Saved 150 DAgger samples (6690 total)
[INFO] [1790813419.675746465] [policy]: Episode 84: timeout (30.2 s)
[INFO] [1790813439.834479623] [policy]: Saved 36 DAgger samples (6726 total)
[INFO] [1790813439.835398304] [policy]: Episode 85: success (7.4 s)
[INFO] [1790813463.322688064] [policy]: Saved 43 DAgger samples (6769 total)
[INFO] [1790813463.323642086] [policy]: Episode 86: success (8.8 s)
[INFO] [1790813538.434058920] [policy]: Saved 150 DAgger samples (6919 total)
[INFO] [1790813538.434863933] [policy]: Episode 87: timeout (30.2 s)
[INFO] [1790813575.671216987] [policy]: Saved 72 DAgger samples (6991 total)
[INFO] [1790813575.672199368] [policy]: Episode 88: success (14.6 s)
[INFO] [1790813603.162302203] [policy]: Saved 52 DAgger samples (7043 total)
[INFO] [1790813603.163584264] [policy]: Episode 89: success (10.6 s)
[INFO] [1790813662.649915888] [policy]: Saved 117 DAgger samples (7160 total)
[INFO] [1790813662.650706842] [policy]: Episode 90: success (23.6 s)
[INFO] [1790813689.012496455] [policy]: Saved 50 DAgger samples (7210 total)
[INFO] [1790813689.013285895] [policy]: Episode 91: success (10.2 s)
[INFO] [1790813762.820949888] [policy]: Saved 150 DAgger samples (7360 total)
[INFO] [1790813762.821833087] [policy]: Episode 92: timeout (30.2 s)
[INFO] [1790813787.997769786] [policy]: Saved 47 DAgger samples (7407 total)
[INFO] [1790813787.998559068] [policy]: Episode 93: success (9.6 s)
[INFO] [1790813808.138494891] [policy]: Saved 36 DAgger samples (7443 total)
[INFO] [1790813808.139330606] [policy]: Episode 94: success (7.4 s)
[WARN] [1790813813.818133723] [policy]: Layout call failed (1/20), retrying
[INFO] [1790813830.161316316] [policy]: Saved 34 DAgger samples (7477 total)
[INFO] [1790813830.162049567] [policy]: Episode 95: success (7.0 s)
[INFO] [1790813842.554708358] [policy]: Saved 20 DAgger samples (7497 total)
[INFO] [1790813842.555491121] [policy]: Episode 96: collision (4.2 s)
[INFO] [1790813864.057944878] [policy]: Saved 39 DAgger samples (7536 total)
[INFO] [1790813864.058745360] [policy]: Episode 97: success (8.0 s)
[INFO] [1790813899.329837327] [policy]: Saved 69 DAgger samples (7605 total)
[INFO] [1790813899.330599834] [policy]: Episode 98: success (14.0 s)
[INFO] [1790813973.264482654] [policy]: Saved 150 DAgger samples (7755 total)
[INFO] [1790813973.265287798] [policy]: Episode 99: timeout (30.2 s)
[INFO] [1790814010.928894512] [policy]: Saved 73 DAgger samples (7828 total)
[INFO] [1790814010.929664011] [policy]: Episode 100: success (14.8 s)
[INFO] [1790814010.930514820] [policy]: Finished 100 episodes: success 77.0%  collision 9.0%  timeout 14.0%  | successful runs: avg 13.4 s, 2.41 m
